// Jest Snapshot v1, https://goo.gl/fbAQLP

exports[`pages/index renders the Pagination if there're 2 pages 1`] = `"<ul class=\\"MuiPagination-ul\\"><li><a class=\\"MuiButtonBase-root MuiPaginationItem-root MuiPaginationItem-page MuiPaginationItem-textPrimary Mui-disabled Mui-disabled\\" tabindex=\\"-1\\" aria-disabled=\\"true\\" aria-label=\\"Go to previous page\\" href=\\"/?page=0\\"><svg class=\\"MuiSvgIcon-root MuiPaginationItem-icon\\" focusable=\\"false\\" viewBox=\\"0 0 24 24\\" aria-hidden=\\"true\\"><path d=\\"M15.41 7.41L14 6l-6 6 6 6 1.41-1.41L10.83 12z\\"></path></svg></a></li><li><a class=\\"MuiButtonBase-root MuiPaginationItem-root MuiPaginationItem-page MuiPaginationItem-textPrimary Mui-selected\\" tabindex=\\"0\\" aria-disabled=\\"false\\" aria-current=\\"true\\" aria-label=\\"page 1\\" href=\\"/?page=1\\">1<span class=\\"MuiTouchRipple-root\\"></span></a></li><li><a class=\\"MuiButtonBase-root MuiPaginationItem-root MuiPaginationItem-page MuiPaginationItem-textPrimary\\" tabindex=\\"0\\" aria-disabled=\\"false\\" aria-label=\\"Go to page 2\\" href=\\"/?page=2\\">2<span class=\\"MuiTouchRipple-root\\"></span></a></li><li><a class=\\"MuiButtonBase-root MuiPaginationItem-root MuiPaginationItem-page MuiPaginationItem-textPrimary\\" tabindex=\\"0\\" aria-disabled=\\"false\\" aria-label=\\"Go to next page\\" href=\\"/?page=2\\"><svg class=\\"MuiSvgIcon-root MuiPaginationItem-icon\\" focusable=\\"false\\" viewBox=\\"0 0 24 24\\" aria-hidden=\\"true\\"><path d=\\"M10 6L8.59 7.41 13.17 12l-4.58 4.59L10 18l6-6z\\"></path></svg><span class=\\"MuiTouchRipple-root\\"></span></a></li></ul>"`;
